--- Copying files at Mon Sep  8 09:58:14 UTC 2025
--- Copied files finished at Mon Sep  8 09:58:14 UTC 2025
--- Copying files at Mon Sep  8 10:13:21 UTC 2025
--- Copied files finished at Mon Sep  8 10:13:21 UTC 2025
--- Copying files at Mon Sep  8 10:23:52 UTC 2025
--- Copied files finished at Mon Sep  8 10:23:52 UTC 2025
--- Copying files at Wed Sep 10 07:23:16 UTC 2025
--- Copied files finished at Wed Sep 10 07:23:16 UTC 2025
--- Copying files at Wed Sep 10 08:48:26 UTC 2025
--- Copied files finished at Wed Sep 10 08:48:26 UTC 2025
--- Copying files at Wed Sep 10 10:30:09 UTC 2025
--- Copied files finished at Wed Sep 10 10:30:09 UTC 2025
--- Copying files at Wed Sep 10 10:38:57 UTC 2025
--- Copied files finished at Wed Sep 10 10:38:57 UTC 2025
--- Copying files at Wed Sep 10 11:15:54 UTC 2025
--- Copied files finished at Wed Sep 10 11:15:54 UTC 2025
--- Copying files at Wed Sep 10 11:22:14 UTC 2025
--- Copied files finished at Wed Sep 10 11:22:14 UTC 2025
--- Copying files at Thu Sep 11 07:47:43 UTC 2025
--- Copied files finished at Thu Sep 11 07:47:43 UTC 2025
--- Copying files at Sat Sep 13 12:12:41 UTC 2025
--- Copied files finished at Sat Sep 13 12:12:41 UTC 2025
--- Copying files at Sun Sep 14 06:40:33 UTC 2025
--- Copied files finished at Sun Sep 14 06:40:33 UTC 2025
--- Copying files at Tue Sep 16 07:54:51 UTC 2025
--- Copied files finished at Tue Sep 16 07:54:51 UTC 2025
--- Copying files at Wed Sep 17 14:17:28 UTC 2025
--- Copied files finished at Wed Sep 17 14:17:28 UTC 2025
--- Copying files at Fri Sep 19 10:01:31 UTC 2025
--- Copied files finished at Fri Sep 19 10:01:31 UTC 2025
--- Copying files at Sat Sep 20 15:34:45 UTC 2025
--- Copied files finished at Sat Sep 20 15:34:45 UTC 2025
--- Copying files at Sat Sep 20 18:56:32 UTC 2025
--- Copied files finished at Sat Sep 20 18:56:32 UTC 2025
--- Copying files at Sat Sep 20 19:33:23 UTC 2025
--- Copied files finished at Sat Sep 20 19:33:23 UTC 2025
--- Copying files at Wed Sep 24 18:18:29 UTC 2025
--- Copied files finished at Wed Sep 24 18:18:29 UTC 2025
--- Copying files at Thu Sep 25 17:10:00 UTC 2025
--- Copied files finished at Thu Sep 25 17:10:00 UTC 2025
--- Copying files at Fri Sep 26 09:57:56 UTC 2025
--- Copied files finished at Fri Sep 26 09:57:56 UTC 2025
--- Copying files at Fri Sep 26 13:03:41 UTC 2025
--- Copied files finished at Fri Sep 26 13:03:41 UTC 2025
--- Copying files at Fri Sep 26 13:09:57 UTC 2025
--- Copied files finished at Fri Sep 26 13:09:57 UTC 2025
--- Copying files at Fri Sep 26 13:18:52 UTC 2025
--- Copied files finished at Fri Sep 26 13:18:52 UTC 2025
--- Copying files at Fri Sep 26 13:43:08 UTC 2025
--- Copied files finished at Fri Sep 26 13:43:08 UTC 2025
--- Copying files at Fri Sep 26 13:58:29 UTC 2025
--- Copied files finished at Fri Sep 26 13:58:29 UTC 2025
--- Copying files at Fri Sep 26 14:05:30 UTC 2025
--- Copied files finished at Fri Sep 26 14:05:30 UTC 2025
--- Copying files at Fri Sep 26 14:33:15 UTC 2025
--- Copied files finished at Fri Sep 26 14:33:15 UTC 2025
--- Copying files at Fri Sep 26 14:36:59 UTC 2025
--- Copied files finished at Fri Sep 26 14:36:59 UTC 2025
--- Copying files at Fri Sep 26 14:38:04 UTC 2025
--- Copied files finished at Fri Sep 26 14:38:04 UTC 2025
--- Copying files at Fri Sep 26 14:39:47 UTC 2025
--- Copied files finished at Fri Sep 26 14:39:47 UTC 2025
--- Copying files at Sat Sep 27 13:55:16 UTC 2025
--- Copied files finished at Sat Sep 27 13:55:16 UTC 2025
--- Copying files at Sat Sep 27 13:56:00 UTC 2025
--- Copied files finished at Sat Sep 27 13:56:00 UTC 2025
--- Copying files at Sat Sep 27 14:08:44 UTC 2025
--- Copied files finished at Sat Sep 27 14:08:44 UTC 2025
--- Copying files at Sat Sep 27 14:12:20 UTC 2025
--- Copied files finished at Sat Sep 27 14:12:20 UTC 2025
--- Copying files at Sat Sep 27 14:34:38 UTC 2025
--- Copied files finished at Sat Sep 27 14:34:38 UTC 2025
--- Copying files at Sat Sep 27 14:43:26 UTC 2025
--- Copied files finished at Sat Sep 27 14:43:26 UTC 2025
--- Copying files at Sat Sep 27 15:15:16 UTC 2025
--- Copied files finished at Sat Sep 27 15:15:16 UTC 2025
--- Copying files at Sat Sep 27 15:19:25 UTC 2025
--- Copied files finished at Sat Sep 27 15:19:25 UTC 2025
--- Copying files at Sat Sep 27 15:26:33 UTC 2025
--- Copied files finished at Sat Sep 27 15:26:33 UTC 2025
--- Copying files at Sat Sep 27 15:41:03 UTC 2025
--- Copied files finished at Sat Sep 27 15:41:03 UTC 2025
--- Copying files at Sat Sep 27 15:43:01 UTC 2025
--- Copied files finished at Sat Sep 27 15:43:01 UTC 2025
--- Copying files at Sat Sep 27 15:47:46 UTC 2025
--- Copied files finished at Sat Sep 27 15:47:46 UTC 2025
--- Copying files at Sat Sep 27 15:52:10 UTC 2025
--- Copied files finished at Sat Sep 27 15:52:10 UTC 2025
--- Copying files at Sat Sep 27 15:53:15 UTC 2025
--- Copied files finished at Sat Sep 27 15:53:15 UTC 2025
--- Copying files at Sat Sep 27 15:56:32 UTC 2025
--- Copied files finished at Sat Sep 27 15:56:32 UTC 2025
--- Copying files at Sat Sep 27 16:03:04 UTC 2025
--- Copied files finished at Sat Sep 27 16:03:04 UTC 2025
--- Copying files at Sat Sep 27 16:09:46 UTC 2025
--- Copied files finished at Sat Sep 27 16:09:46 UTC 2025
--- Copying files at Sat Sep 27 16:13:17 UTC 2025
--- Copied files finished at Sat Sep 27 16:13:17 UTC 2025
--- Copying files at Sat Sep 27 16:16:25 UTC 2025
--- Copied files finished at Sat Sep 27 16:16:25 UTC 2025
--- Copying files at Sat Sep 27 16:19:40 UTC 2025
--- Copied files finished at Sat Sep 27 16:19:40 UTC 2025
--- Copying files at Sat Sep 27 16:28:22 UTC 2025
--- Copied files finished at Sat Sep 27 16:28:22 UTC 2025
--- Copying files at Sat Sep 27 16:43:38 UTC 2025
--- Copied files finished at Sat Sep 27 16:43:38 UTC 2025
--- Copying files at Sat Sep 27 16:44:26 UTC 2025
--- Copied files finished at Sat Sep 27 16:44:26 UTC 2025
--- Copying files at Sat Sep 27 16:45:53 UTC 2025
--- Copied files finished at Sat Sep 27 16:45:53 UTC 2025
--- Copying files at Sat Sep 27 16:59:07 UTC 2025
--- Copied files finished at Sat Sep 27 16:59:07 UTC 2025
--- Copying files at Sun Sep 28 14:19:58 UTC 2025
--- Copied files finished at Sun Sep 28 14:19:58 UTC 2025
--- Copying files at Sun Sep 28 14:25:33 UTC 2025
--- Copied files finished at Sun Sep 28 14:25:33 UTC 2025
