2025-09-28 14:28:21 DEBUG o.e.repository.ProductRepository - Repository returning list of products product []
2025-09-28 14:28:21 DEBUG org.example.service.ProductService - Service returning list of products[]
2025-09-28 14:28:21 DEBUG o.e.repository.ProductRepository - Repository returning list of products product []
2025-09-28 14:28:21 DEBUG o.e.controller.ProductController - Returning list of products []
2025-09-28 14:28:21 DEBUG o.e.repository.ProductRepository - Repository returning list of products product []
2025-09-28 14:28:21 DEBUG org.example.service.ProductService - Service returning list of products[]
2025-09-28 14:28:21 DEBUG o.e.repository.ProductRepository - Repository returning list of products product []
2025-09-28 14:28:22 DEBUG o.e.repository.ProductRepository - Repository returning list of products product []
2025-09-28 14:28:22 DEBUG org.example.service.ProductService - Service returning list of products[]
2025-09-28 14:28:22 DEBUG o.e.repository.ProductRepository - Repository returning list of products product []
2025-09-28 14:28:22 DEBUG o.e.controller.ProductController - Returning list of products []
2025-09-28 14:28:22 DEBUG o.e.repository.ProductRepository - Repository returning list of products product []
2025-09-28 14:28:22 DEBUG org.example.service.ProductService - Service returning list of products[]
2025-09-28 14:28:22 DEBUG o.e.repository.ProductRepository - Repository returning list of products product []
2025-09-28 14:28:27 DEBUG o.e.controller.ProductController - Adding product Product(id=234, name=mkyon, quantity=1, price=1.0)
2025-09-28 14:28:27 DEBUG org.example.service.ProductService - Service working on adding product Product(id=234, name=mkyon, quantity=1, price=1.0)
2025-09-28 14:28:27 DEBUG o.e.repository.ProductRepository - Repository adding new product
2025-09-28 14:28:27 DEBUG o.e.controller.ProductController - Saved product Product(id=234, name=mkyon, quantity=1, price=1.0)
2025-09-28 14:28:27 DEBUG o.e.controller.ProductController - Saved product Product(id=234, name=mkyon, quantity=1, price=1.0)
2025-09-28 14:28:28 DEBUG o.e.controller.ProductController - Adding product Product(id=234, name=mkyon, quantity=1, price=1.0)
2025-09-28 14:28:28 DEBUG org.example.service.ProductService - Service working on adding product Product(id=234, name=mkyon, quantity=1, price=1.0)
2025-09-28 14:28:28 DEBUG o.e.repository.ProductRepository - Repository adding new product
2025-09-28 14:28:28 DEBUG o.e.controller.ProductController - Saved product Product(id=234, name=mkyon, quantity=1, price=1.0)
2025-09-28 14:28:28 DEBUG o.e.controller.ProductController - Saved product Product(id=234, name=mkyon, quantity=1, price=1.0)
2025-09-28 14:28:29 DEBUG o.e.controller.ProductController - Adding product Product(id=234, name=mkyon, quantity=1, price=1.0)
2025-09-28 14:28:29 DEBUG org.example.service.ProductService - Service working on adding product Product(id=234, name=mkyon, quantity=1, price=1.0)
2025-09-28 14:28:29 DEBUG o.e.repository.ProductRepository - Repository adding new product
2025-09-28 14:28:29 DEBUG o.e.controller.ProductController - Saved product Product(id=234, name=mkyon, quantity=1, price=1.0)
2025-09-28 14:28:29 DEBUG o.e.controller.ProductController - Saved product Product(id=234, name=mkyon, quantity=1, price=1.0)
2025-09-28 14:28:30 DEBUG o.e.controller.ProductController - Adding product Product(id=234, name=mkyon, quantity=1, price=1.0)
2025-09-28 14:28:30 DEBUG org.example.service.ProductService - Service working on adding product Product(id=234, name=mkyon, quantity=1, price=1.0)
2025-09-28 14:28:30 DEBUG o.e.repository.ProductRepository - Repository adding new product
2025-09-28 14:28:30 DEBUG o.e.controller.ProductController - Saved product Product(id=234, name=mkyon, quantity=1, price=1.0)
2025-09-28 14:28:30 DEBUG o.e.controller.ProductController - Saved product Product(id=234, name=mkyon, quantity=1, price=1.0)
2025-09-28 14:28:37 DEBUG o.e.repository.ProductRepository - Repository returning list of products product [Product(id=234, name=mkyon, quantity=1, price=1.0), Product(id=234, name=mkyon, quantity=1, price=1.0), Product(id=234, name=mkyon, quantity=1, price=1.0), Product(id=234, name=mkyon, quantity=1, price=1.0)]
2025-09-28 14:28:37 DEBUG org.example.service.ProductService - Service returning list of products[Product(id=234, name=mkyon, quantity=1, price=1.0), Product(id=234, name=mkyon, quantity=1, price=1.0), Product(id=234, name=mkyon, quantity=1, price=1.0), Product(id=234, name=mkyon, quantity=1, price=1.0)]
2025-09-28 14:28:37 DEBUG o.e.repository.ProductRepository - Repository returning list of products product [Product(id=234, name=mkyon, quantity=1, price=1.0), Product(id=234, name=mkyon, quantity=1, price=1.0), Product(id=234, name=mkyon, quantity=1, price=1.0), Product(id=234, name=mkyon, quantity=1, price=1.0)]
2025-09-28 14:28:37 DEBUG o.e.controller.ProductController - Returning list of products [Product(id=234, name=mkyon, quantity=1, price=1.0), Product(id=234, name=mkyon, quantity=1, price=1.0), Product(id=234, name=mkyon, quantity=1, price=1.0), Product(id=234, name=mkyon, quantity=1, price=1.0)]
2025-09-28 14:28:37 DEBUG o.e.repository.ProductRepository - Repository returning list of products product [Product(id=234, name=mkyon, quantity=1, price=1.0), Product(id=234, name=mkyon, quantity=1, price=1.0), Product(id=234, name=mkyon, quantity=1, price=1.0), Product(id=234, name=mkyon, quantity=1, price=1.0)]
2025-09-28 14:28:37 DEBUG org.example.service.ProductService - Service returning list of products[Product(id=234, name=mkyon, quantity=1, price=1.0), Product(id=234, name=mkyon, quantity=1, price=1.0), Product(id=234, name=mkyon, quantity=1, price=1.0), Product(id=234, name=mkyon, quantity=1, price=1.0)]
2025-09-28 14:28:37 DEBUG o.e.repository.ProductRepository - Repository returning list of products product [Product(id=234, name=mkyon, quantity=1, price=1.0), Product(id=234, name=mkyon, quantity=1, price=1.0), Product(id=234, name=mkyon, quantity=1, price=1.0), Product(id=234, name=mkyon, quantity=1, price=1.0)]
2025-09-28 14:28:38 DEBUG o.e.repository.ProductRepository - Repository returning list of products product [Product(id=234, name=mkyon, quantity=1, price=1.0), Product(id=234, name=mkyon, quantity=1, price=1.0), Product(id=234, name=mkyon, quantity=1, price=1.0), Product(id=234, name=mkyon, quantity=1, price=1.0)]
2025-09-28 14:28:38 DEBUG org.example.service.ProductService - Service returning list of products[Product(id=234, name=mkyon, quantity=1, price=1.0), Product(id=234, name=mkyon, quantity=1, price=1.0), Product(id=234, name=mkyon, quantity=1, price=1.0), Product(id=234, name=mkyon, quantity=1, price=1.0)]
2025-09-28 14:28:38 DEBUG o.e.repository.ProductRepository - Repository returning list of products product [Product(id=234, name=mkyon, quantity=1, price=1.0), Product(id=234, name=mkyon, quantity=1, price=1.0), Product(id=234, name=mkyon, quantity=1, price=1.0), Product(id=234, name=mkyon, quantity=1, price=1.0)]
2025-09-28 14:28:38 DEBUG o.e.controller.ProductController - Returning list of products [Product(id=234, name=mkyon, quantity=1, price=1.0), Product(id=234, name=mkyon, quantity=1, price=1.0), Product(id=234, name=mkyon, quantity=1, price=1.0), Product(id=234, name=mkyon, quantity=1, price=1.0)]
2025-09-28 14:28:38 DEBUG o.e.repository.ProductRepository - Repository returning list of products product [Product(id=234, name=mkyon, quantity=1, price=1.0), Product(id=234, name=mkyon, quantity=1, price=1.0), Product(id=234, name=mkyon, quantity=1, price=1.0), Product(id=234, name=mkyon, quantity=1, price=1.0)]
2025-09-28 14:28:38 DEBUG org.example.service.ProductService - Service returning list of products[Product(id=234, name=mkyon, quantity=1, price=1.0), Product(id=234, name=mkyon, quantity=1, price=1.0), Product(id=234, name=mkyon, quantity=1, price=1.0), Product(id=234, name=mkyon, quantity=1, price=1.0)]
2025-09-28 14:28:38 DEBUG o.e.repository.ProductRepository - Repository returning list of products product [Product(id=234, name=mkyon, quantity=1, price=1.0), Product(id=234, name=mkyon, quantity=1, price=1.0), Product(id=234, name=mkyon, quantity=1, price=1.0), Product(id=234, name=mkyon, quantity=1, price=1.0)]
